D:\Ferram\Personal\DevPal\backend\.venv\Lib\site-packages\pytest_asyncio\plugin.py:208: PytestDeprecationWarning: The configuration option "asyncio_default_fixture_loop_scope" is unset.
The event loop scope for asynchronous fixtures will default to the fixture caching scope. Future versions of pytest-asyncio will default the loop scope for asynchronous fixtures to function scope. Set the default fixture loop scope explicitly in order to avoid unexpected behavior in the future. Valid fixture loop scopes are: "function", "class", "module", "package", "session"

  warnings.warn(PytestDeprecationWarning(_DEFAULT_FIXTURE_LOOP_SCOPE_UNSET))
============================= test session starts =============================
platform win32 -- Python 3.13.7, pytest-8.3.3, pluggy-1.6.0
rootdir: D:\Ferram\Personal\DevPal\backend
plugins: anyio-4.12.1, asyncio-0.24.0
asyncio: mode=Mode.STRICT, default_loop_scope=None
collected 6 items

tests\test_auth.py ....                                                  [ 66%]
tests\test_main.py ..                                                    [100%]

============================== warnings summary ===============================
.venv\Lib\site-packages\pydantic\_internal\_config.py:291
  D:\Ferram\Personal\DevPal\backend\.venv\Lib\site-packages\pydantic\_internal\_config.py:291: PydanticDeprecatedSince20: Support for class-based `config` is deprecated, use ConfigDict instead. Deprecated in Pydantic V2.0 to be removed in V3.0. See Pydantic V2 Migration Guide at https://errors.pydantic.dev/2.9/migration/
    warnings.warn(DEPRECATION_MESSAGE, DeprecationWarning)

app\main.py:68
  D:\Ferram\Personal\DevPal\backend\app\main.py:68: DeprecationWarning: 
          on_event is deprecated, use lifespan event handlers instead.
  
          Read more about it in the
          [FastAPI docs for Lifespan Events](https://fastapi.tiangolo.com/advanced/events/).
          
    @app.on_event("startup")

.venv\Lib\site-packages\fastapi\applications.py:4495
.venv\Lib\site-packages\fastapi\applications.py:4495
.venv\Lib\site-packages\fastapi\applications.py:4495
  D:\Ferram\Personal\DevPal\backend\.venv\Lib\site-packages\fastapi\applications.py:4495: DeprecationWarning: 
          on_event is deprecated, use lifespan event handlers instead.
  
          Read more about it in the
          [FastAPI docs for Lifespan Events](https://fastapi.tiangolo.com/advanced/events/).
          
    return self.router.on_event(event_type)

app\main.py:100
  D:\Ferram\Personal\DevPal\backend\app\main.py:100: DeprecationWarning: 
          on_event is deprecated, use lifespan event handlers instead.
  
          Read more about it in the
          [FastAPI docs for Lifespan Events](https://fastapi.tiangolo.com/advanced/events/).
          
    @app.on_event("startup")

app\main.py:109
  D:\Ferram\Personal\DevPal\backend\app\main.py:109: DeprecationWarning: 
          on_event is deprecated, use lifespan event handlers instead.
  
          Read more about it in the
          [FastAPI docs for Lifespan Events](https://fastapi.tiangolo.com/advanced/events/).
          
    @app.on_event("shutdown")

-- Docs: https://docs.pytest.org/en/stable/how-to/capture-warnings.html
======================== 6 passed, 7 warnings in 8.51s ========================
